core_cm4.h:2059:26:ITM_SendChar	16	static,ignoring_inline_asm
main.c:123:5:movingAvg	24	static
main.c:133:6:configure	32	static
main.c:143:6:DisplayUpdate	72	static
main.c:218:5:_write	32	static
main.c:226:6:generateLuts	24	static
main.c:236:10:calcBuffLoc	32	static
main.c:249:7:constrainAngle	16	static
main.c:256:6:generate_ODR_Buff	584	static
main.c:327:6:sensor_signalProcessing	72	static
main.c:445:5:main	64	static
main.c:582:6:SystemClock_Config	96	static
main.c:631:13:MX_ADC1_Init	32	static
main.c:687:13:MX_LCD_Init	8	static
main.c:728:13:MX_TIM2_Init	40	static
main.c:773:13:MX_TIM6_Init	24	static
main.c:811:13:MX_USART1_UART_Init	8	static
main.c:844:13:MX_DMA_Init	16	static
main.c:866:13:MX_GPIO_Init	40	static
main.c:941:6:HAL_ADC_ConvHalfCpltCallback	16	static
main.c:946:6:HAL_ADC_ConvCpltCallback	16	static
main.c:957:6:Error_Handler	4	static,ignoring_inline_asm
