core_cm4.h:2059:26:ITM_SendChar	16	static,ignoring_inline_asm
main.c:94:5:_write	32	static
main.c:102:6:generateLuts	24	static
main.c:112:10:calcBuffLoc	32	static
main.c:125:6:generate_ODR_Buff	584	static
main.c:194:6:sensor_signalProcessing	72	static
main.c:305:5:main	8	static
main.c:376:6:SystemClock_Config	96	static
main.c:425:13:MX_ADC1_Init	32	static
main.c:481:13:MX_LCD_Init	8	static
main.c:519:13:MX_TIM2_Init	48	static
main.c:580:13:MX_TIM6_Init	24	static
main.c:618:13:MX_USART1_UART_Init	8	static
main.c:651:13:MX_DMA_Init	16	static
main.c:673:13:MX_GPIO_Init	40	static
main.c:724:6:HAL_ADC_ConvHalfCpltCallback	16	static
main.c:729:6:HAL_ADC_ConvCpltCallback	16	static
main.c:740:6:Error_Handler	4	static,ignoring_inline_asm
